[     484ms] [LOG] [HMR] Waiting for update signal from WDS... @ http://localhost:3001/static/js/2.chunk.js:1300188
[     497ms] [INFO] %cDownload the React DevTools for a better development experience: https://reactjs.org/link/react-devtools font-weight:bold @ http://localhost:3001/static/js/2.chunk.js:596341
[     990ms] [INFO] Slow network is detected. See https://www.chromestatus.com/feature/5636954674692096 for more details. Fallback font will be used while loading: http://localhost:3001/static/media/ProductSans-Black.909eeb19.ttf @ http://localhost:3001/static/js/2.chunk.js:1272274
[     990ms] [INFO] Slow network is detected. See https://www.chromestatus.com/feature/5636954674692096 for more details. Fallback font will be used while loading: http://localhost:3001/static/media/ProductSans-Regular.b61c0ab3.ttf @ http://localhost:3001/static/js/2.chunk.js:1272274
[    1055ms] [WARNING] ./src/utilities/apiUtils/loanApis.js
  Line 105:5:  Expected an error object to be thrown  no-throw-literal @ http://localhost:3001/static/js/2.chunk.js:573630
[    1056ms] [WARNING] ./src/pages/onboarding/OnboardingSteps.js
  Line 10:21:   'ToggleButton' is defined but never used                                                                   no-unused-vars
  Line 14:57:   'removeFromLocalStorage' is defined but never used                                                         no-unused-vars
  Line 64:13:   Expected '===' and instead saw '=='                                                                        eqeqeq
  Line 66:20:   Expected '===' and instead saw '=='                                                                        eqeqeq
  Line 73:18:   Expected '===' and instead saw '=='                                                                        eqeqeq
  Line 75:20:   Expected '===' and instead saw '=='                                                                        eqeqeq
  Line 77:20:   Expected '===' and instead saw '=='                                                                        eqeqeq
  Line 79:20:   Expected '===' and instead saw '=='                                                                        eqeqeq
  Line 124:28:  'fileRejections' is assigned a value but never used                                                        no-unused-vars
  Line 128:11:  'acceptedFileItems' is assigned a value but never used                                                     no-unused-vars
  Line 161:19:  img elements must have an alt prop, either with meaningful text, or an empty string for decorative images  jsx-a11y/alt-text
  Line 162:19:  img elements must have an alt prop, either with meaningful text, or an empty string for decorative images  jsx-a11y/alt-text
  Line 173:15:  img elements must have an alt prop, either with meaningful text, or an empty string for decorative images  jsx-a11y/alt-text
  Line 189:11:  img elements must have an alt prop, either with meaningful text, or an empty string for decorative images  jsx-a11y/alt-text
  Line 195:15:  img elements must have an alt prop, either with meaningful text, or an empty string for decorative images  jsx-a11y/alt-text
  Line 215:15:  img elements must have an alt prop, either with meaningful text, or an empty string for decorative images  jsx-a11y/alt-text
  Line 226:15:  img elements must have an alt prop, either with meaningful text, or an empty string for decorative images  jsx-a11y/alt-text
  Line 241:15:  img elements must have an alt prop, either with meaningful text, or an empty string for decorative images  jsx-a11y/alt-text
  Line 254:15:  img elements must have an alt prop, either with meaningful text, or an empty string for decorative images  jsx-a11y/alt-text
  Line 267:15:  img elements must have an alt prop, either with meaningful text, or an empty string for decorative images  jsx-a11y/alt-text
  Line 280:15:  img elements must have an alt prop, either with meaningful text, or an empty string for decorative images  jsx-a11y/alt-text @ http://localhost:3001/static/js/2.chunk.js:573630
[    1056ms] [WARNING] ./src/pages/ui-elements/users/userTableColumns.js
  Line 10:5:    'showEditTools' is assigned a value but never used  no-unused-vars
  Line 41:10:   'CheckStatus' is defined but never used             no-unused-vars
  Line 418:10:  'CheckStatusWOResend' is defined but never used     no-unused-vars @ http://localhost:3001/static/js/2.chunk.js:573630
[    1056ms] [WARNING] ./src/components/Navbar.js
  Line 10:8:    'icCreateUser' is defined but never used                                                                   no-unused-vars
  Line 11:8:    'icRoles' is defined but never used                                                                        no-unused-vars
  Line 12:8:    'icLoans' is defined but never used                                                                        no-unused-vars
  Line 14:8:    'icLoanRequest' is defined but never used                                                                  no-unused-vars
  Line 17:8:    'dropdownArrow' is defined but never used                                                                  no-unused-vars
  Line 29:45:   'redirectTo' is defined but never used                                                                     no-unused-vars
  Line 30:10:   'LifeBuoy' is defined but never used                                                                       no-unused-vars
  Line 30:20:   'Settings' is defined but never used                                                                       no-unused-vars
  Line 153:9:   'currentLangVar' is assigned a value but never used                                                        no-unused-vars
  Line 592:39:  img elements must have an alt prop, either with meaningful text, or an empty string for decorative images  jsx-a11y/alt-text @ http://localhost:3001/static/js/2.chunk.js:573630
[    1056ms] [WARNING] ./src/pages/agreements/wizard/Step5SigningFlow.js
  Line 113:9:  'handleSaveAsDraft' is assigned a value but never used  no-unused-vars @ http://localhost:3001/static/js/2.chunk.js:573630
[    1056ms] [WARNING] There were more warnings in other files.
You can find a complete log in the terminal. @ http://localhost:3001/static/js/2.chunk.js:573627
[  254032ms] [WARNING] ./src/utilities/apiUtils/loanApis.js
  Line 105:5:  Expected an error object to be thrown  no-throw-literal @ http://localhost:3001/static/js/2.chunk.js:573630
[  254034ms] [WARNING] ./src/pages/onboarding/OnboardingSteps.js
  Line 10:21:   'ToggleButton' is defined but never used                                                                   no-unused-vars
  Line 14:57:   'removeFromLocalStorage' is defined but never used                                                         no-unused-vars
  Line 64:13:   Expected '===' and instead saw '=='                                                                        eqeqeq
  Line 66:20:   Expected '===' and instead saw '=='                                                                        eqeqeq
  Line 73:18:   Expected '===' and instead saw '=='                                                                        eqeqeq
  Line 75:20:   Expected '===' and instead saw '=='                                                                        eqeqeq
  Line 77:20:   Expected '===' and instead saw '=='                                                                        eqeqeq
  Line 79:20:   Expected '===' and instead saw '=='                                                                        eqeqeq
  Line 124:28:  'fileRejections' is assigned a value but never used                                                        no-unused-vars
  Line 128:11:  'acceptedFileItems' is assigned a value but never used                                                     no-unused-vars
  Line 161:19:  img elements must have an alt prop, either with meaningful text, or an empty string for decorative images  jsx-a11y/alt-text
  Line 162:19:  img elements must have an alt prop, either with meaningful text, or an empty string for decorative images  jsx-a11y/alt-text
  Line 173:15:  img elements must have an alt prop, either with meaningful text, or an empty string for decorative images  jsx-a11y/alt-text
  Line 189:11:  img elements must have an alt prop, either with meaningful text, or an empty string for decorative images  jsx-a11y/alt-text
  Line 195:15:  img elements must have an alt prop, either with meaningful text, or an empty string for decorative images  jsx-a11y/alt-text
  Line 215:15:  img elements must have an alt prop, either with meaningful text, or an empty string for decorative images  jsx-a11y/alt-text
  Line 226:15:  img elements must have an alt prop, either with meaningful text, or an empty string for decorative images  jsx-a11y/alt-text
  Line 241:15:  img elements must have an alt prop, either with meaningful text, or an empty string for decorative images  jsx-a11y/alt-text
  Line 254:15:  img elements must have an alt prop, either with meaningful text, or an empty string for decorative images  jsx-a11y/alt-text
  Line 267:15:  img elements must have an alt prop, either with meaningful text, or an empty string for decorative images  jsx-a11y/alt-text
  Line 280:15:  img elements must have an alt prop, either with meaningful text, or an empty string for decorative images  jsx-a11y/alt-text @ http://localhost:3001/static/js/2.chunk.js:573630
[  254034ms] [WARNING] ./src/pages/ui-elements/users/userTableColumns.js
  Line 10:5:    'showEditTools' is assigned a value but never used  no-unused-vars
  Line 41:10:   'CheckStatus' is defined but never used             no-unused-vars
  Line 418:10:  'CheckStatusWOResend' is defined but never used     no-unused-vars @ http://localhost:3001/static/js/2.chunk.js:573630
[  254034ms] [WARNING] ./src/components/Navbar.js
  Line 10:8:    'icCreateUser' is defined but never used                                                                   no-unused-vars
  Line 11:8:    'icRoles' is defined but never used                                                                        no-unused-vars
  Line 12:8:    'icLoans' is defined but never used                                                                        no-unused-vars
  Line 14:8:    'icLoanRequest' is defined but never used                                                                  no-unused-vars
  Line 17:8:    'dropdownArrow' is defined but never used                                                                  no-unused-vars
  Line 29:45:   'redirectTo' is defined but never used                                                                     no-unused-vars
  Line 30:10:   'LifeBuoy' is defined but never used                                                                       no-unused-vars
  Line 30:20:   'Settings' is defined but never used                                                                       no-unused-vars
  Line 153:9:   'currentLangVar' is assigned a value but never used                                                        no-unused-vars
  Line 592:39:  img elements must have an alt prop, either with meaningful text, or an empty string for decorative images  jsx-a11y/alt-text @ http://localhost:3001/static/js/2.chunk.js:573630
[  254034ms] [WARNING] ./src/pages/agreements/wizard/Step5SigningFlow.js
  Line 113:9:  'handleSaveAsDraft' is assigned a value but never used  no-unused-vars @ http://localhost:3001/static/js/2.chunk.js:573630
[  254034ms] [WARNING] There were more warnings in other files.
You can find a complete log in the terminal. @ http://localhost:3001/static/js/2.chunk.js:573627
[  255514ms] [LOG] [HMR] Waiting for update signal from WDS... @ http://localhost:3001/static/js/8.chunk.js:1300188
[  255527ms] [INFO] %cDownload the React DevTools for a better development experience: https://reactjs.org/link/react-devtools font-weight:bold @ http://localhost:3001/static/js/8.chunk.js:596341
[  256046ms] [INFO] Slow network is detected. See https://www.chromestatus.com/feature/5636954674692096 for more details. Fallback font will be used while loading: http://localhost:3001/static/media/ProductSans-Black.909eeb19.ttf @ http://localhost:3001/static/js/8.chunk.js:1272274
[  256046ms] [INFO] Slow network is detected. See https://www.chromestatus.com/feature/5636954674692096 for more details. Fallback font will be used while loading: http://localhost:3001/static/media/ProductSans-Regular.b61c0ab3.ttf @ http://localhost:3001/static/js/8.chunk.js:1272274
[  256096ms] [WARNING] ./src/utilities/apiUtils/loanApis.js
  Line 105:5:  Expected an error object to be thrown  no-throw-literal @ http://localhost:3001/static/js/8.chunk.js:573630
[  256098ms] [WARNING] ./src/pages/onboarding/OnboardingSteps.js
  Line 10:21:   'ToggleButton' is defined but never used                                                                   no-unused-vars
  Line 14:57:   'removeFromLocalStorage' is defined but never used                                                         no-unused-vars
  Line 64:13:   Expected '===' and instead saw '=='                                                                        eqeqeq
  Line 66:20:   Expected '===' and instead saw '=='                                                                        eqeqeq
  Line 73:18:   Expected '===' and instead saw '=='                                                                        eqeqeq
  Line 75:20:   Expected '===' and instead saw '=='                                                                        eqeqeq
  Line 77:20:   Expected '===' and instead saw '=='                                                                        eqeqeq
  Line 79:20:   Expected '===' and instead saw '=='                                                                        eqeqeq
  Line 124:28:  'fileRejections' is assigned a value but never used                                                        no-unused-vars
  Line 128:11:  'acceptedFileItems' is assigned a value but never used                                                     no-unused-vars
  Line 161:19:  img elements must have an alt prop, either with meaningful text, or an empty string for decorative images  jsx-a11y/alt-text
  Line 162:19:  img elements must have an alt prop, either with meaningful text, or an empty string for decorative images  jsx-a11y/alt-text
  Line 173:15:  img elements must have an alt prop, either with meaningful text, or an empty string for decorative images  jsx-a11y/alt-text
  Line 189:11:  img elements must have an alt prop, either with meaningful text, or an empty string for decorative images  jsx-a11y/alt-text
  Line 195:15:  img elements must have an alt prop, either with meaningful text, or an empty string for decorative images  jsx-a11y/alt-text
  Line 215:15:  img elements must have an alt prop, either with meaningful text, or an empty string for decorative images  jsx-a11y/alt-text
  Line 226:15:  img elements must have an alt prop, either with meaningful text, or an empty string for decorative images  jsx-a11y/alt-text
  Line 241:15:  img elements must have an alt prop, either with meaningful text, or an empty string for decorative images  jsx-a11y/alt-text
  Line 254:15:  img elements must have an alt prop, either with meaningful text, or an empty string for decorative images  jsx-a11y/alt-text
  Line 267:15:  img elements must have an alt prop, either with meaningful text, or an empty string for decorative images  jsx-a11y/alt-text
  Line 280:15:  img elements must have an alt prop, either with meaningful text, or an empty string for decorative images  jsx-a11y/alt-text @ http://localhost:3001/static/js/8.chunk.js:573630
[  256098ms] [WARNING] ./src/pages/ui-elements/users/userTableColumns.js
  Line 10:5:    'showEditTools' is assigned a value but never used  no-unused-vars
  Line 41:10:   'CheckStatus' is defined but never used             no-unused-vars
  Line 418:10:  'CheckStatusWOResend' is defined but never used     no-unused-vars @ http://localhost:3001/static/js/8.chunk.js:573630
[  256098ms] [WARNING] ./src/components/Navbar.js
  Line 10:8:    'icCreateUser' is defined but never used                                                                   no-unused-vars
  Line 11:8:    'icRoles' is defined but never used                                                                        no-unused-vars
  Line 12:8:    'icLoans' is defined but never used                                                                        no-unused-vars
  Line 14:8:    'icLoanRequest' is defined but never used                                                                  no-unused-vars
  Line 17:8:    'dropdownArrow' is defined but never used                                                                  no-unused-vars
  Line 29:45:   'redirectTo' is defined but never used                                                                     no-unused-vars
  Line 30:10:   'LifeBuoy' is defined but never used                                                                       no-unused-vars
  Line 30:20:   'Settings' is defined but never used                                                                       no-unused-vars
  Line 153:9:   'currentLangVar' is assigned a value but never used                                                        no-unused-vars
  Line 592:39:  img elements must have an alt prop, either with meaningful text, or an empty string for decorative images  jsx-a11y/alt-text @ http://localhost:3001/static/js/8.chunk.js:573630
[  256098ms] [WARNING] ./src/pages/agreements/wizard/Step5SigningFlow.js
  Line 113:9:  'handleSaveAsDraft' is assigned a value but never used  no-unused-vars @ http://localhost:3001/static/js/8.chunk.js:573630
[  256098ms] [WARNING] There were more warnings in other files.
You can find a complete log in the terminal. @ http://localhost:3001/static/js/8.chunk.js:573627
[  728308ms] [WARNING] ./src/utilities/apiUtils/loanApis.js
  Line 105:5:  Expected an error object to be thrown  no-throw-literal @ http://localhost:3001/static/js/8.chunk.js:573630
[  728310ms] [WARNING] ./src/pages/onboarding/OnboardingSteps.js
  Line 10:21:   'ToggleButton' is defined but never used                                                                   no-unused-vars
  Line 14:57:   'removeFromLocalStorage' is defined but never used                                                         no-unused-vars
  Line 64:13:   Expected '===' and instead saw '=='                                                                        eqeqeq
  Line 66:20:   Expected '===' and instead saw '=='                                                                        eqeqeq
  Line 73:18:   Expected '===' and instead saw '=='                                                                        eqeqeq
  Line 75:20:   Expected '===' and instead saw '=='                                                                        eqeqeq
  Line 77:20:   Expected '===' and instead saw '=='                                                                        eqeqeq
  Line 79:20:   Expected '===' and instead saw '=='                                                                        eqeqeq
  Line 124:28:  'fileRejections' is assigned a value but never used                                                        no-unused-vars
  Line 128:11:  'acceptedFileItems' is assigned a value but never used                                                     no-unused-vars
  Line 161:19:  img elements must have an alt prop, either with meaningful text, or an empty string for decorative images  jsx-a11y/alt-text
  Line 162:19:  img elements must have an alt prop, either with meaningful text, or an empty string for decorative images  jsx-a11y/alt-text
  Line 173:15:  img elements must have an alt prop, either with meaningful text, or an empty string for decorative images  jsx-a11y/alt-text
  Line 189:11:  img elements must have an alt prop, either with meaningful text, or an empty string for decorative images  jsx-a11y/alt-text
  Line 195:15:  img elements must have an alt prop, either with meaningful text, or an empty string for decorative images  jsx-a11y/alt-text
  Line 215:15:  img elements must have an alt prop, either with meaningful text, or an empty string for decorative images  jsx-a11y/alt-text
  Line 226:15:  img elements must have an alt prop, either with meaningful text, or an empty string for decorative images  jsx-a11y/alt-text
  Line 241:15:  img elements must have an alt prop, either with meaningful text, or an empty string for decorative images  jsx-a11y/alt-text
  Line 254:15:  img elements must have an alt prop, either with meaningful text, or an empty string for decorative images  jsx-a11y/alt-text
  Line 267:15:  img elements must have an alt prop, either with meaningful text, or an empty string for decorative images  jsx-a11y/alt-text
  Line 280:15:  img elements must have an alt prop, either with meaningful text, or an empty string for decorative images  jsx-a11y/alt-text @ http://localhost:3001/static/js/8.chunk.js:573630
[  728310ms] [WARNING] ./src/pages/ui-elements/users/userTableColumns.js
  Line 10:5:    'showEditTools' is assigned a value but never used  no-unused-vars
  Line 41:10:   'CheckStatus' is defined but never used             no-unused-vars
  Line 418:10:  'CheckStatusWOResend' is defined but never used     no-unused-vars @ http://localhost:3001/static/js/8.chunk.js:573630
[  728310ms] [WARNING] ./src/components/Navbar.js
  Line 10:8:    'icCreateUser' is defined but never used                                                                   no-unused-vars
  Line 11:8:    'icRoles' is defined but never used                                                                        no-unused-vars
  Line 12:8:    'icLoans' is defined but never used                                                                        no-unused-vars
  Line 14:8:    'icLoanRequest' is defined but never used                                                                  no-unused-vars
  Line 17:8:    'dropdownArrow' is defined but never used                                                                  no-unused-vars
  Line 29:45:   'redirectTo' is defined but never used                                                                     no-unused-vars
  Line 30:10:   'LifeBuoy' is defined but never used                                                                       no-unused-vars
  Line 30:20:   'Settings' is defined but never used                                                                       no-unused-vars
  Line 153:9:   'currentLangVar' is assigned a value but never used                                                        no-unused-vars
  Line 592:39:  img elements must have an alt prop, either with meaningful text, or an empty string for decorative images  jsx-a11y/alt-text @ http://localhost:3001/static/js/8.chunk.js:573630
[  728310ms] [WARNING] ./src/pages/agreements/wizard/Step5SigningFlow.js
  Line 113:9:  'handleSaveAsDraft' is assigned a value but never used  no-unused-vars @ http://localhost:3001/static/js/8.chunk.js:573630
[  728310ms] [WARNING] There were more warnings in other files.
You can find a complete log in the terminal. @ http://localhost:3001/static/js/8.chunk.js:573627
[  729611ms] [LOG] [HMR] Waiting for update signal from WDS... @ http://localhost:3001/static/js/2.chunk.js:1300188
[  729624ms] [INFO] %cDownload the React DevTools for a better development experience: https://reactjs.org/link/react-devtools font-weight:bold @ http://localhost:3001/static/js/2.chunk.js:596341
[  730121ms] [INFO] Slow network is detected. See https://www.chromestatus.com/feature/5636954674692096 for more details. Fallback font will be used while loading: http://localhost:3001/static/media/ProductSans-Black.909eeb19.ttf @ http://localhost:3001/static/js/2.chunk.js:1272274
[  730121ms] [INFO] Slow network is detected. See https://www.chromestatus.com/feature/5636954674692096 for more details. Fallback font will be used while loading: http://localhost:3001/static/media/ProductSans-Regular.b61c0ab3.ttf @ http://localhost:3001/static/js/2.chunk.js:1272274
[  730198ms] [WARNING] ./src/utilities/apiUtils/loanApis.js
  Line 105:5:  Expected an error object to be thrown  no-throw-literal @ http://localhost:3001/static/js/2.chunk.js:573630
[  730200ms] [WARNING] ./src/pages/onboarding/OnboardingSteps.js
  Line 10:21:   'ToggleButton' is defined but never used                                                                   no-unused-vars
  Line 14:57:   'removeFromLocalStorage' is defined but never used                                                         no-unused-vars
  Line 64:13:   Expected '===' and instead saw '=='                                                                        eqeqeq
  Line 66:20:   Expected '===' and instead saw '=='                                                                        eqeqeq
  Line 73:18:   Expected '===' and instead saw '=='                                                                        eqeqeq
  Line 75:20:   Expected '===' and instead saw '=='                                                                        eqeqeq
  Line 77:20:   Expected '===' and instead saw '=='                                                                        eqeqeq
  Line 79:20:   Expected '===' and instead saw '=='                                                                        eqeqeq
  Line 124:28:  'fileRejections' is assigned a value but never used                                                        no-unused-vars
  Line 128:11:  'acceptedFileItems' is assigned a value but never used                                                     no-unused-vars
  Line 161:19:  img elements must have an alt prop, either with meaningful text, or an empty string for decorative images  jsx-a11y/alt-text
  Line 162:19:  img elements must have an alt prop, either with meaningful text, or an empty string for decorative images  jsx-a11y/alt-text
  Line 173:15:  img elements must have an alt prop, either with meaningful text, or an empty string for decorative images  jsx-a11y/alt-text
  Line 189:11:  img elements must have an alt prop, either with meaningful text, or an empty string for decorative images  jsx-a11y/alt-text
  Line 195:15:  img elements must have an alt prop, either with meaningful text, or an empty string for decorative images  jsx-a11y/alt-text
  Line 215:15:  img elements must have an alt prop, either with meaningful text, or an empty string for decorative images  jsx-a11y/alt-text
  Line 226:15:  img elements must have an alt prop, either with meaningful text, or an empty string for decorative images  jsx-a11y/alt-text
  Line 241:15:  img elements must have an alt prop, either with meaningful text, or an empty string for decorative images  jsx-a11y/alt-text
  Line 254:15:  img elements must have an alt prop, either with meaningful text, or an empty string for decorative images  jsx-a11y/alt-text
  Line 267:15:  img elements must have an alt prop, either with meaningful text, or an empty string for decorative images  jsx-a11y/alt-text
  Line 280:15:  img elements must have an alt prop, either with meaningful text, or an empty string for decorative images  jsx-a11y/alt-text @ http://localhost:3001/static/js/2.chunk.js:573630
[  730200ms] [WARNING] ./src/pages/ui-elements/users/userTableColumns.js
  Line 10:5:    'showEditTools' is assigned a value but never used  no-unused-vars
  Line 41:10:   'CheckStatus' is defined but never used             no-unused-vars
  Line 418:10:  'CheckStatusWOResend' is defined but never used     no-unused-vars @ http://localhost:3001/static/js/2.chunk.js:573630
[  730200ms] [WARNING] ./src/components/Navbar.js
  Line 10:8:    'icCreateUser' is defined but never used                                                                   no-unused-vars
  Line 11:8:    'icRoles' is defined but never used                                                                        no-unused-vars
  Line 12:8:    'icLoans' is defined but never used                                                                        no-unused-vars
  Line 14:8:    'icLoanRequest' is defined but never used                                                                  no-unused-vars
  Line 17:8:    'dropdownArrow' is defined but never used                                                                  no-unused-vars
  Line 29:45:   'redirectTo' is defined but never used                                                                     no-unused-vars
  Line 30:10:   'LifeBuoy' is defined but never used                                                                       no-unused-vars
  Line 30:20:   'Settings' is defined but never used                                                                       no-unused-vars
  Line 153:9:   'currentLangVar' is assigned a value but never used                                                        no-unused-vars
  Line 592:39:  img elements must have an alt prop, either with meaningful text, or an empty string for decorative images  jsx-a11y/alt-text @ http://localhost:3001/static/js/2.chunk.js:573630
[  730200ms] [WARNING] ./src/pages/agreements/wizard/Step5SigningFlow.js
  Line 113:9:  'handleSaveAsDraft' is assigned a value but never used  no-unused-vars @ http://localhost:3001/static/js/2.chunk.js:573630
[  730200ms] [WARNING] There were more warnings in other files.
You can find a complete log in the terminal. @ http://localhost:3001/static/js/2.chunk.js:573627
[  833916ms] [WARNING] ./src/utilities/apiUtils/loanApis.js
  Line 105:5:  Expected an error object to be thrown  no-throw-literal @ http://localhost:3001/static/js/2.chunk.js:573630
[  833922ms] [WARNING] ./src/pages/onboarding/OnboardingSteps.js
  Line 10:21:   'ToggleButton' is defined but never used                                                                   no-unused-vars
  Line 14:57:   'removeFromLocalStorage' is defined but never used                                                         no-unused-vars
  Line 64:13:   Expected '===' and instead saw '=='                                                                        eqeqeq
  Line 66:20:   Expected '===' and instead saw '=='                                                                        eqeqeq
  Line 73:18:   Expected '===' and instead saw '=='                                                                        eqeqeq
  Line 75:20:   Expected '===' and instead saw '=='                                                                        eqeqeq
  Line 77:20:   Expected '===' and instead saw '=='                                                                        eqeqeq
  Line 79:20:   Expected '===' and instead saw '=='                                                                        eqeqeq
  Line 124:28:  'fileRejections' is assigned a value but never used                                                        no-unused-vars
  Line 128:11:  'acceptedFileItems' is assigned a value but never used                                                     no-unused-vars
  Line 161:19:  img elements must have an alt prop, either with meaningful text, or an empty string for decorative images  jsx-a11y/alt-text
  Line 162:19:  img elements must have an alt prop, either with meaningful text, or an empty string for decorative images  jsx-a11y/alt-text
  Line 173:15:  img elements must have an alt prop, either with meaningful text, or an empty string for decorative images  jsx-a11y/alt-text
  Line 189:11:  img elements must have an alt prop, either with meaningful text, or an empty string for decorative images  jsx-a11y/alt-text
  Line 195:15:  img elements must have an alt prop, either with meaningful text, or an empty string for decorative images  jsx-a11y/alt-text
  Line 215:15:  img elements must have an alt prop, either with meaningful text, or an empty string for decorative images  jsx-a11y/alt-text
  Line 226:15:  img elements must have an alt prop, either with meaningful text, or an empty string for decorative images  jsx-a11y/alt-text
  Line 241:15:  img elements must have an alt prop, either with meaningful text, or an empty string for decorative images  jsx-a11y/alt-text
  Line 254:15:  img elements must have an alt prop, either with meaningful text, or an empty string for decorative images  jsx-a11y/alt-text
  Line 267:15:  img elements must have an alt prop, either with meaningful text, or an empty string for decorative images  jsx-a11y/alt-text
  Line 280:15:  img elements must have an alt prop, either with meaningful text, or an empty string for decorative images  jsx-a11y/alt-text @ http://localhost:3001/static/js/2.chunk.js:573630
[  833922ms] [WARNING] ./src/pages/ui-elements/users/userTableColumns.js
  Line 10:5:    'showEditTools' is assigned a value but never used  no-unused-vars
  Line 41:10:   'CheckStatus' is defined but never used             no-unused-vars
  Line 418:10:  'CheckStatusWOResend' is defined but never used     no-unused-vars @ http://localhost:3001/static/js/2.chunk.js:573630
[  833922ms] [WARNING] ./src/components/Navbar.js
  Line 10:8:    'icCreateUser' is defined but never used                                                                   no-unused-vars
  Line 11:8:    'icRoles' is defined but never used                                                                        no-unused-vars
  Line 12:8:    'icLoans' is defined but never used                                                                        no-unused-vars
  Line 14:8:    'icLoanRequest' is defined but never used                                                                  no-unused-vars
  Line 17:8:    'dropdownArrow' is defined but never used                                                                  no-unused-vars
  Line 29:45:   'redirectTo' is defined but never used                                                                     no-unused-vars
  Line 30:10:   'LifeBuoy' is defined but never used                                                                       no-unused-vars
  Line 30:20:   'Settings' is defined but never used                                                                       no-unused-vars
  Line 153:9:   'currentLangVar' is assigned a value but never used                                                        no-unused-vars
  Line 592:39:  img elements must have an alt prop, either with meaningful text, or an empty string for decorative images  jsx-a11y/alt-text @ http://localhost:3001/static/js/2.chunk.js:573630
[  833922ms] [WARNING] ./src/pages/agreements/wizard/Step5SigningFlow.js
  Line 113:9:  'handleSaveAsDraft' is assigned a value but never used  no-unused-vars @ http://localhost:3001/static/js/2.chunk.js:573630
[  833922ms] [WARNING] There were more warnings in other files.
You can find a complete log in the terminal. @ http://localhost:3001/static/js/2.chunk.js:573627
[  834839ms] [LOG] [HMR] Waiting for update signal from WDS... @ http://localhost:3001/static/js/8.chunk.js:1300188
[  834846ms] [INFO] %cDownload the React DevTools for a better development experience: https://reactjs.org/link/react-devtools font-weight:bold @ http://localhost:3001/static/js/8.chunk.js:596341
[  835348ms] [INFO] Slow network is detected. See https://www.chromestatus.com/feature/5636954674692096 for more details. Fallback font will be used while loading: http://localhost:3001/static/media/ProductSans-Black.909eeb19.ttf @ http://localhost:3001/static/js/8.chunk.js:1272274
[  835349ms] [INFO] Slow network is detected. See https://www.chromestatus.com/feature/5636954674692096 for more details. Fallback font will be used while loading: http://localhost:3001/static/media/ProductSans-Regular.b61c0ab3.ttf @ http://localhost:3001/static/js/8.chunk.js:1272274
[  835436ms] [WARNING] ./src/utilities/apiUtils/loanApis.js
  Line 105:5:  Expected an error object to be thrown  no-throw-literal @ http://localhost:3001/static/js/8.chunk.js:573630
[  835440ms] [WARNING] ./src/pages/onboarding/OnboardingSteps.js
  Line 10:21:   'ToggleButton' is defined but never used                                                                   no-unused-vars
  Line 14:57:   'removeFromLocalStorage' is defined but never used                                                         no-unused-vars
  Line 64:13:   Expected '===' and instead saw '=='                                                                        eqeqeq
  Line 66:20:   Expected '===' and instead saw '=='                                                                        eqeqeq
  Line 73:18:   Expected '===' and instead saw '=='                                                                        eqeqeq
  Line 75:20:   Expected '===' and instead saw '=='                                                                        eqeqeq
  Line 77:20:   Expected '===' and instead saw '=='                                                                        eqeqeq
  Line 79:20:   Expected '===' and instead saw '=='                                                                        eqeqeq
  Line 124:28:  'fileRejections' is assigned a value but never used                                                        no-unused-vars
  Line 128:11:  'acceptedFileItems' is assigned a value but never used                                                     no-unused-vars
  Line 161:19:  img elements must have an alt prop, either with meaningful text, or an empty string for decorative images  jsx-a11y/alt-text
  Line 162:19:  img elements must have an alt prop, either with meaningful text, or an empty string for decorative images  jsx-a11y/alt-text
  Line 173:15:  img elements must have an alt prop, either with meaningful text, or an empty string for decorative images  jsx-a11y/alt-text
  Line 189:11:  img elements must have an alt prop, either with meaningful text, or an empty string for decorative images  jsx-a11y/alt-text
  Line 195:15:  img elements must have an alt prop, either with meaningful text, or an empty string for decorative images  jsx-a11y/alt-text
  Line 215:15:  img elements must have an alt prop, either with meaningful text, or an empty string for decorative images  jsx-a11y/alt-text
  Line 226:15:  img elements must have an alt prop, either with meaningful text, or an empty string for decorative images  jsx-a11y/alt-text
  Line 241:15:  img elements must have an alt prop, either with meaningful text, or an empty string for decorative images  jsx-a11y/alt-text
  Line 254:15:  img elements must have an alt prop, either with meaningful text, or an empty string for decorative images  jsx-a11y/alt-text
  Line 267:15:  img elements must have an alt prop, either with meaningful text, or an empty string for decorative images  jsx-a11y/alt-text
  Line 280:15:  img elements must have an alt prop, either with meaningful text, or an empty string for decorative images  jsx-a11y/alt-text @ http://localhost:3001/static/js/8.chunk.js:573630
[  835440ms] [WARNING] ./src/pages/ui-elements/users/userTableColumns.js
  Line 10:5:    'showEditTools' is assigned a value but never used  no-unused-vars
  Line 41:10:   'CheckStatus' is defined but never used             no-unused-vars
  Line 418:10:  'CheckStatusWOResend' is defined but never used     no-unused-vars @ http://localhost:3001/static/js/8.chunk.js:573630
[  835440ms] [WARNING] ./src/components/Navbar.js
  Line 10:8:    'icCreateUser' is defined but never used                                                                   no-unused-vars
  Line 11:8:    'icRoles' is defined but never used                                                                        no-unused-vars
  Line 12:8:    'icLoans' is defined but never used                                                                        no-unused-vars
  Line 14:8:    'icLoanRequest' is defined but never used                                                                  no-unused-vars
  Line 17:8:    'dropdownArrow' is defined but never used                                                                  no-unused-vars
  Line 29:45:   'redirectTo' is defined but never used                                                                     no-unused-vars
  Line 30:10:   'LifeBuoy' is defined but never used                                                                       no-unused-vars
  Line 30:20:   'Settings' is defined but never used                                                                       no-unused-vars
  Line 153:9:   'currentLangVar' is assigned a value but never used                                                        no-unused-vars
  Line 592:39:  img elements must have an alt prop, either with meaningful text, or an empty string for decorative images  jsx-a11y/alt-text @ http://localhost:3001/static/js/8.chunk.js:573630
[  835440ms] [WARNING] ./src/pages/agreements/wizard/Step5SigningFlow.js
  Line 113:9:  'handleSaveAsDraft' is assigned a value but never used  no-unused-vars @ http://localhost:3001/static/js/8.chunk.js:573630
[  835440ms] [WARNING] There were more warnings in other files.
You can find a complete log in the terminal. @ http://localhost:3001/static/js/8.chunk.js:573627
[ 1234972ms] [WARNING] ./src/utilities/apiUtils/loanApis.js
  Line 105:5:  Expected an error object to be thrown  no-throw-literal @ http://localhost:3001/static/js/8.chunk.js:573630
[ 1234976ms] [WARNING] ./src/pages/onboarding/OnboardingSteps.js
  Line 10:21:   'ToggleButton' is defined but never used                                                                   no-unused-vars
  Line 14:57:   'removeFromLocalStorage' is defined but never used                                                         no-unused-vars
  Line 64:13:   Expected '===' and instead saw '=='                                                                        eqeqeq
  Line 66:20:   Expected '===' and instead saw '=='                                                                        eqeqeq
  Line 73:18:   Expected '===' and instead saw '=='                                                                        eqeqeq
  Line 75:20:   Expected '===' and instead saw '=='                                                                        eqeqeq
  Line 77:20:   Expected '===' and instead saw '=='                                                                        eqeqeq
  Line 79:20:   Expected '===' and instead saw '=='                                                                        eqeqeq
  Line 124:28:  'fileRejections' is assigned a value but never used                                                        no-unused-vars
  Line 128:11:  'acceptedFileItems' is assigned a value but never used                                                     no-unused-vars
  Line 161:19:  img elements must have an alt prop, either with meaningful text, or an empty string for decorative images  jsx-a11y/alt-text
  Line 162:19:  img elements must have an alt prop, either with meaningful text, or an empty string for decorative images  jsx-a11y/alt-text
  Line 173:15:  img elements must have an alt prop, either with meaningful text, or an empty string for decorative images  jsx-a11y/alt-text
  Line 189:11:  img elements must have an alt prop, either with meaningful text, or an empty string for decorative images  jsx-a11y/alt-text
  Line 195:15:  img elements must have an alt prop, either with meaningful text, or an empty string for decorative images  jsx-a11y/alt-text
  Line 215:15:  img elements must have an alt prop, either with meaningful text, or an empty string for decorative images  jsx-a11y/alt-text
  Line 226:15:  img elements must have an alt prop, either with meaningful text, or an empty string for decorative images  jsx-a11y/alt-text
  Line 241:15:  img elements must have an alt prop, either with meaningful text, or an empty string for decorative images  jsx-a11y/alt-text
  Line 254:15:  img elements must have an alt prop, either with meaningful text, or an empty string for decorative images  jsx-a11y/alt-text
  Line 267:15:  img elements must have an alt prop, either with meaningful text, or an empty string for decorative images  jsx-a11y/alt-text
  Line 280:15:  img elements must have an alt prop, either with meaningful text, or an empty string for decorative images  jsx-a11y/alt-text @ http://localhost:3001/static/js/8.chunk.js:573630
[ 1234976ms] [WARNING] ./src/pages/ui-elements/users/userTableColumns.js
  Line 10:5:    'showEditTools' is assigned a value but never used  no-unused-vars
  Line 41:10:   'CheckStatus' is defined but never used             no-unused-vars
  Line 418:10:  'CheckStatusWOResend' is defined but never used     no-unused-vars @ http://localhost:3001/static/js/8.chunk.js:573630
[ 1234976ms] [WARNING] ./src/components/Navbar.js
  Line 10:8:    'icCreateUser' is defined but never used                                                                   no-unused-vars
  Line 11:8:    'icRoles' is defined but never used                                                                        no-unused-vars
  Line 12:8:    'icLoans' is defined but never used                                                                        no-unused-vars
  Line 14:8:    'icLoanRequest' is defined but never used                                                                  no-unused-vars
  Line 17:8:    'dropdownArrow' is defined but never used                                                                  no-unused-vars
  Line 29:45:   'redirectTo' is defined but never used                                                                     no-unused-vars
  Line 30:10:   'LifeBuoy' is defined but never used                                                                       no-unused-vars
  Line 30:20:   'Settings' is defined but never used                                                                       no-unused-vars
  Line 153:9:   'currentLangVar' is assigned a value but never used                                                        no-unused-vars
  Line 592:39:  img elements must have an alt prop, either with meaningful text, or an empty string for decorative images  jsx-a11y/alt-text @ http://localhost:3001/static/js/8.chunk.js:573630
[ 1234976ms] [WARNING] ./src/pages/agreements/wizard/Step5SigningFlow.js
  Line 113:9:  'handleSaveAsDraft' is assigned a value but never used  no-unused-vars @ http://localhost:3001/static/js/8.chunk.js:573630
[ 1234976ms] [WARNING] There were more warnings in other files.
You can find a complete log in the terminal. @ http://localhost:3001/static/js/8.chunk.js:573627
[ 1236076ms] [LOG] [HMR] Waiting for update signal from WDS... @ http://localhost:3001/static/js/2.chunk.js:1300188
[ 1236082ms] [INFO] %cDownload the React DevTools for a better development experience: https://reactjs.org/link/react-devtools font-weight:bold @ http://localhost:3001/static/js/2.chunk.js:596341
[ 1236561ms] [INFO] Slow network is detected. See https://www.chromestatus.com/feature/5636954674692096 for more details. Fallback font will be used while loading: http://localhost:3001/static/media/ProductSans-Black.909eeb19.ttf @ http://localhost:3001/static/js/2.chunk.js:1272274
[ 1236561ms] [INFO] Slow network is detected. See https://www.chromestatus.com/feature/5636954674692096 for more details. Fallback font will be used while loading: http://localhost:3001/static/media/ProductSans-Regular.b61c0ab3.ttf @ http://localhost:3001/static/js/2.chunk.js:1272274
[ 1237293ms] [WARNING] ./src/utilities/apiUtils/loanApis.js
  Line 105:5:  Expected an error object to be thrown  no-throw-literal @ http://localhost:3001/static/js/2.chunk.js:573630
[ 1237295ms] [WARNING] ./src/pages/onboarding/OnboardingSteps.js
  Line 10:21:   'ToggleButton' is defined but never used                                                                   no-unused-vars
  Line 14:57:   'removeFromLocalStorage' is defined but never used                                                         no-unused-vars
  Line 64:13:   Expected '===' and instead saw '=='                                                                        eqeqeq
  Line 66:20:   Expected '===' and instead saw '=='                                                                        eqeqeq
  Line 73:18:   Expected '===' and instead saw '=='                                                                        eqeqeq
  Line 75:20:   Expected '===' and instead saw '=='                                                                        eqeqeq
  Line 77:20:   Expected '===' and instead saw '=='                                                                        eqeqeq
  Line 79:20:   Expected '===' and instead saw '=='                                                                        eqeqeq
  Line 124:28:  'fileRejections' is assigned a value but never used                                                        no-unused-vars
  Line 128:11:  'acceptedFileItems' is assigned a value but never used                                                     no-unused-vars
  Line 161:19:  img elements must have an alt prop, either with meaningful text, or an empty string for decorative images  jsx-a11y/alt-text
  Line 162:19:  img elements must have an alt prop, either with meaningful text, or an empty string for decorative images  jsx-a11y/alt-text
  Line 173:15:  img elements must have an alt prop, either with meaningful text, or an empty string for decorative images  jsx-a11y/alt-text
  Line 189:11:  img elements must have an alt prop, either with meaningful text, or an empty string for decorative images  jsx-a11y/alt-text
  Line 195:15:  img elements must have an alt prop, either with meaningful text, or an empty string for decorative images  jsx-a11y/alt-text
  Line 215:15:  img elements must have an alt prop, either with meaningful text, or an empty string for decorative images  jsx-a11y/alt-text
  Line 226:15:  img elements must have an alt prop, either with meaningful text, or an empty string for decorative images  jsx-a11y/alt-text
  Line 241:15:  img elements must have an alt prop, either with meaningful text, or an empty string for decorative images  jsx-a11y/alt-text
  Line 254:15:  img elements must have an alt prop, either with meaningful text, or an empty string for decorative images  jsx-a11y/alt-text
  Line 267:15:  img elements must have an alt prop, either with meaningful text, or an empty string for decorative images  jsx-a11y/alt-text
  Line 280:15:  img elements must have an alt prop, either with meaningful text, or an empty string for decorative images  jsx-a11y/alt-text @ http://localhost:3001/static/js/2.chunk.js:573630
[ 1237295ms] [WARNING] ./src/pages/ui-elements/users/userTableColumns.js
  Line 10:5:    'showEditTools' is assigned a value but never used  no-unused-vars
  Line 41:10:   'CheckStatus' is defined but never used             no-unused-vars
  Line 418:10:  'CheckStatusWOResend' is defined but never used     no-unused-vars @ http://localhost:3001/static/js/2.chunk.js:573630
[ 1237295ms] [WARNING] ./src/components/Navbar.js
  Line 10:8:    'icCreateUser' is defined but never used                                                                   no-unused-vars
  Line 11:8:    'icRoles' is defined but never used                                                                        no-unused-vars
  Line 12:8:    'icLoans' is defined but never used                                                                        no-unused-vars
  Line 14:8:    'icLoanRequest' is defined but never used                                                                  no-unused-vars
  Line 17:8:    'dropdownArrow' is defined but never used                                                                  no-unused-vars
  Line 29:45:   'redirectTo' is defined but never used                                                                     no-unused-vars
  Line 30:10:   'LifeBuoy' is defined but never used                                                                       no-unused-vars
  Line 30:20:   'Settings' is defined but never used                                                                       no-unused-vars
  Line 153:9:   'currentLangVar' is assigned a value but never used                                                        no-unused-vars
  Line 592:39:  img elements must have an alt prop, either with meaningful text, or an empty string for decorative images  jsx-a11y/alt-text @ http://localhost:3001/static/js/2.chunk.js:573630
[ 1237295ms] [WARNING] ./src/pages/agreements/wizard/Step5SigningFlow.js
  Line 113:9:  'handleSaveAsDraft' is assigned a value but never used  no-unused-vars @ http://localhost:3001/static/js/2.chunk.js:573630
[ 1237295ms] [WARNING] There were more warnings in other files.
You can find a complete log in the terminal. @ http://localhost:3001/static/js/2.chunk.js:573627
[ 1237339ms] [WARNING] ./src/utilities/apiUtils/loanApis.js
  Line 105:5:  Expected an error object to be thrown  no-throw-literal @ http://localhost:3001/static/js/2.chunk.js:573630
[ 1237341ms] [WARNING] ./src/pages/onboarding/OnboardingSteps.js
  Line 10:21:   'ToggleButton' is defined but never used                                                                   no-unused-vars
  Line 14:57:   'removeFromLocalStorage' is defined but never used                                                         no-unused-vars
  Line 64:13:   Expected '===' and instead saw '=='                                                                        eqeqeq
  Line 66:20:   Expected '===' and instead saw '=='                                                                        eqeqeq
  Line 73:18:   Expected '===' and instead saw '=='                                                                        eqeqeq
  Line 75:20:   Expected '===' and instead saw '=='                                                                        eqeqeq
  Line 77:20:   Expected '===' and instead saw '=='                                                                        eqeqeq
  Line 79:20:   Expected '===' and instead saw '=='                                                                        eqeqeq
  Line 124:28:  'fileRejections' is assigned a value but never used                                                        no-unused-vars
  Line 128:11:  'acceptedFileItems' is assigned a value but never used                                                     no-unused-vars
  Line 161:19:  img elements must have an alt prop, either with meaningful text, or an empty string for decorative images  jsx-a11y/alt-text
  Line 162:19:  img elements must have an alt prop, either with meaningful text, or an empty string for decorative images  jsx-a11y/alt-text
  Line 173:15:  img elements must have an alt prop, either with meaningful text, or an empty string for decorative images  jsx-a11y/alt-text
  Line 189:11:  img elements must have an alt prop, either with meaningful text, or an empty string for decorative images  jsx-a11y/alt-text
  Line 195:15:  img elements must have an alt prop, either with meaningful text, or an empty string for decorative images  jsx-a11y/alt-text
  Line 215:15:  img elements must have an alt prop, either with meaningful text, or an empty string for decorative images  jsx-a11y/alt-text
  Line 226:15:  img elements must have an alt prop, either with meaningful text, or an empty string for decorative images  jsx-a11y/alt-text
  Line 241:15:  img elements must have an alt prop, either with meaningful text, or an empty string for decorative images  jsx-a11y/alt-text
  Line 254:15:  img elements must have an alt prop, either with meaningful text, or an empty string for decorative images  jsx-a11y/alt-text
  Line 267:15:  img elements must have an alt prop, either with meaningful text, or an empty string for decorative images  jsx-a11y/alt-text
  Line 280:15:  img elements must have an alt prop, either with meaningful text, or an empty string for decorative images  jsx-a11y/alt-text @ http://localhost:3001/static/js/2.chunk.js:573630
[ 1237341ms] [WARNING] ./src/pages/ui-elements/users/userTableColumns.js
  Line 10:5:    'showEditTools' is assigned a value but never used  no-unused-vars
  Line 41:10:   'CheckStatus' is defined but never used             no-unused-vars
  Line 418:10:  'CheckStatusWOResend' is defined but never used     no-unused-vars @ http://localhost:3001/static/js/2.chunk.js:573630
[ 1237341ms] [WARNING] ./src/components/Navbar.js
  Line 10:8:    'icCreateUser' is defined but never used                                                                   no-unused-vars
  Line 11:8:    'icRoles' is defined but never used                                                                        no-unused-vars
  Line 12:8:    'icLoans' is defined but never used                                                                        no-unused-vars
  Line 14:8:    'icLoanRequest' is defined but never used                                                                  no-unused-vars
  Line 17:8:    'dropdownArrow' is defined but never used                                                                  no-unused-vars
  Line 29:45:   'redirectTo' is defined but never used                                                                     no-unused-vars
  Line 30:10:   'LifeBuoy' is defined but never used                                                                       no-unused-vars
  Line 30:20:   'Settings' is defined but never used                                                                       no-unused-vars
  Line 153:9:   'currentLangVar' is assigned a value but never used                                                        no-unused-vars
  Line 592:39:  img elements must have an alt prop, either with meaningful text, or an empty string for decorative images  jsx-a11y/alt-text @ http://localhost:3001/static/js/2.chunk.js:573630
[ 1237341ms] [WARNING] ./src/pages/agreements/wizard/Step5SigningFlow.js
  Line 113:9:  'handleSaveAsDraft' is assigned a value but never used  no-unused-vars @ http://localhost:3001/static/js/2.chunk.js:573630
[ 1237341ms] [WARNING] There were more warnings in other files.
You can find a complete log in the terminal. @ http://localhost:3001/static/js/2.chunk.js:573627
[ 1238069ms] [LOG] [HMR] Waiting for update signal from WDS... @ http://localhost:3001/static/js/8.chunk.js:1300188
[ 1238073ms] [INFO] %cDownload the React DevTools for a better development experience: https://reactjs.org/link/react-devtools font-weight:bold @ http://localhost:3001/static/js/8.chunk.js:596341
[ 1238486ms] [INFO] Slow network is detected. See https://www.chromestatus.com/feature/5636954674692096 for more details. Fallback font will be used while loading: http://localhost:3001/static/media/ProductSans-Black.909eeb19.ttf @ http://localhost:3001/static/js/8.chunk.js:1272274
[ 1238487ms] [INFO] Slow network is detected. See https://www.chromestatus.com/feature/5636954674692096 for more details. Fallback font will be used while loading: http://localhost:3001/static/media/ProductSans-Regular.b61c0ab3.ttf @ http://localhost:3001/static/js/8.chunk.js:1272274
[ 1238510ms] [WARNING] ./src/utilities/apiUtils/loanApis.js
  Line 105:5:  Expected an error object to be thrown  no-throw-literal @ http://localhost:3001/static/js/8.chunk.js:573630
[ 1238512ms] [WARNING] ./src/pages/onboarding/OnboardingSteps.js
  Line 10:21:   'ToggleButton' is defined but never used                                                                   no-unused-vars
  Line 14:57:   'removeFromLocalStorage' is defined but never used                                                         no-unused-vars
  Line 64:13:   Expected '===' and instead saw '=='                                                                        eqeqeq
  Line 66:20:   Expected '===' and instead saw '=='                                                                        eqeqeq
  Line 73:18:   Expected '===' and instead saw '=='                                                                        eqeqeq
  Line 75:20:   Expected '===' and instead saw '=='                                                                        eqeqeq
  Line 77:20:   Expected '===' and instead saw '=='                                                                        eqeqeq
  Line 79:20:   Expected '===' and instead saw '=='                                                                        eqeqeq
  Line 124:28:  'fileRejections' is assigned a value but never used                                                        no-unused-vars
  Line 128:11:  'acceptedFileItems' is assigned a value but never used                                                     no-unused-vars
  Line 161:19:  img elements must have an alt prop, either with meaningful text, or an empty string for decorative images  jsx-a11y/alt-text
  Line 162:19:  img elements must have an alt prop, either with meaningful text, or an empty string for decorative images  jsx-a11y/alt-text
  Line 173:15:  img elements must have an alt prop, either with meaningful text, or an empty string for decorative images  jsx-a11y/alt-text
  Line 189:11:  img elements must have an alt prop, either with meaningful text, or an empty string for decorative images  jsx-a11y/alt-text
  Line 195:15:  img elements must have an alt prop, either with meaningful text, or an empty string for decorative images  jsx-a11y/alt-text
  Line 215:15:  img elements must have an alt prop, either with meaningful text, or an empty string for decorative images  jsx-a11y/alt-text
  Line 226:15:  img elements must have an alt prop, either with meaningful text, or an empty string for decorative images  jsx-a11y/alt-text
  Line 241:15:  img elements must have an alt prop, either with meaningful text, or an empty string for decorative images  jsx-a11y/alt-text
  Line 254:15:  img elements must have an alt prop, either with meaningful text, or an empty string for decorative images  jsx-a11y/alt-text
  Line 267:15:  img elements must have an alt prop, either with meaningful text, or an empty string for decorative images  jsx-a11y/alt-text
  Line 280:15:  img elements must have an alt prop, either with meaningful text, or an empty string for decorative images  jsx-a11y/alt-text @ http://localhost:3001/static/js/8.chunk.js:573630
[ 1238512ms] [WARNING] ./src/pages/ui-elements/users/userTableColumns.js
  Line 10:5:    'showEditTools' is assigned a value but never used  no-unused-vars
  Line 41:10:   'CheckStatus' is defined but never used             no-unused-vars
  Line 418:10:  'CheckStatusWOResend' is defined but never used     no-unused-vars @ http://localhost:3001/static/js/8.chunk.js:573630
[ 1238512ms] [WARNING] ./src/components/Navbar.js
  Line 10:8:    'icCreateUser' is defined but never used                                                                   no-unused-vars
  Line 11:8:    'icRoles' is defined but never used                                                                        no-unused-vars
  Line 12:8:    'icLoans' is defined but never used                                                                        no-unused-vars
  Line 14:8:    'icLoanRequest' is defined but never used                                                                  no-unused-vars
  Line 17:8:    'dropdownArrow' is defined but never used                                                                  no-unused-vars
  Line 29:45:   'redirectTo' is defined but never used                                                                     no-unused-vars
  Line 30:10:   'LifeBuoy' is defined but never used                                                                       no-unused-vars
  Line 30:20:   'Settings' is defined but never used                                                                       no-unused-vars
  Line 153:9:   'currentLangVar' is assigned a value but never used                                                        no-unused-vars
  Line 592:39:  img elements must have an alt prop, either with meaningful text, or an empty string for decorative images  jsx-a11y/alt-text @ http://localhost:3001/static/js/8.chunk.js:573630
[ 1238512ms] [WARNING] ./src/pages/agreements/wizard/Step5SigningFlow.js
  Line 113:9:  'handleSaveAsDraft' is assigned a value but never used  no-unused-vars @ http://localhost:3001/static/js/8.chunk.js:573630
[ 1238512ms] [WARNING] There were more warnings in other files.
You can find a complete log in the terminal. @ http://localhost:3001/static/js/8.chunk.js:573627
